// Vitest Snapshot v1

exports[`Sidebar > renders as expected 1`] = `
<DocumentFragment>
  <nav
    class="flex h-full w-64 flex-col bg-white"
  >
    <ul
      class="flex w-full flex-col px-2 pt-2"
    >
      <li
        class="group relative flex w-full items-center justify-between rounded-lg text-lg font-semibold sm:text-base text-gray-600 hover:bg-gray-50"
      >
        <a
          class="default-focus flex w-full flex-1 items-center space-x-3 rounded-lg p-2 font-semibold"
          href="/profile/edit"
        >
          <div
            class="relative flex flex-none items-center justify-center rounded bg-black w-6 h-6 rounded p-1.5"
            style="background-color: rgb(0, 0, 0);"
          >
            <svg
              class=""
              style="display: block; width: 12px; height: 12px;"
              version="1.1"
              viewBox="0 0 12 12"
              xmlns="http://www.w3.org/2000/svg"
            >
              <rect
                fill="#000000"
                height="12px"
                width="12px"
                x="0px"
                y="0px"
              />
              <g
                transform="matrix(0.046875,0,0,0.046875,0,0)"
              >
                <g
                  fill="none"
                  transform="matrix(1,0,0,1,0,0)"
                >
                  <rect
                    dataisgeon="true"
                    fill="white"
                    height="128"
                    stroke="#000000"
                    stroke-linecap="square"
                    stroke-width="0.8px"
                    vector-effect="non-scaling-stroke"
                    width="128"
                  />
                </g>
                <g
                  fill="none"
                  transform="matrix(1,0,0,1,128,0)"
                >
                  <circle
                    cx="64"
                    cy="64"
                    dataisgeon="true"
                    fill="white"
                    r="64"
                    stroke="#000000"
                    stroke-linecap="square"
                    stroke-width="0.8px"
                    vector-effect="non-scaling-stroke"
                  />
                </g>
                <g
                  fill="none"
                  transform="matrix(1,0,0,1,0,128)"
                >
                  <path
                    d="M0.0541 0C70.7217 0.0292317 128 57.3256 128 128C57.3177 128 0.0164917 70.7089 7.62806e-06 0.0305091C7.62851e-06 0.0203397 -4.44317e-10 0.01017 0 0H0.0541Z"
                    dataisgeon="true"
                    fill="white"
                    stroke="#000000"
                    stroke-linecap="square"
                    stroke-width="0.8px"
                    vector-effect="non-scaling-stroke"
                  />
                </g>
                <g
                  fill="none"
                  transform="matrix(1,0,0,1,128,128)"
                >
                  <path
                    d="M64 128H0L5.59506e-06 0L64 5.59506e-06C99.3462 8.68512e-06 128 28.6538 128 64C128 99.3462 99.3462 128 64 128Z"
                    dataisgeon="true"
                    fill="white"
                    stroke="#000000"
                    stroke-linecap="square"
                    stroke-width="0.8px"
                    vector-effect="non-scaling-stroke"
                  />
                </g>
              </g>
            </svg>
          </div>
          <div
            class="max-w-full flex-1 truncate text-left"
          >
            <span>
              <span
                aria-hidden="true"
              >
                ~
              </span>
              <span>
                finned
              </span>
              <span
                aria-hidden="true"
              >
                -
              </span>
              <span
                aria-hidden="false"
              >
                palmer
              </span>
            </span>
          </div>
        </a>
      </li>
      <li
        class="group relative flex w-full items-center justify-between rounded-lg text-lg font-semibold sm:text-base text-gray-600 hover:bg-gray-50"
      >
        <a
          class="default-focus flex w-full flex-1 items-center space-x-3 rounded-lg p-2 font-semibold"
          href="/notifications"
        >
          <div
            class="flex h-6 w-6 items-center justify-center rounded text-sm font-semibold bg-gray-100"
          >
            <svg
              class="h-6 w-6"
              fill="none"
              viewBox="0 0 24 24"
              xmlns="http://www.w3.org/2000/svg"
            >
              <rect
                class="fill-current"
                height="8"
                rx="4"
                width="8"
                x="8"
                y="8"
              />
            </svg>
          </div>
          <div
            class="max-w-full flex-1 truncate text-left"
            title="Notifications"
          >
            Notifications
          </div>
        </a>
      </li>
      <li
        class="group relative flex w-full items-center justify-between rounded-lg text-lg font-semibold sm:text-base text-gray-600 hover:bg-gray-50"
      >
        <a
          class="default-focus flex w-full flex-1 items-center space-x-3 rounded-lg p-2 font-semibold"
          href="/groups/find"
        >
          <svg
            class="m-1 h-4 w-4"
            fill="none"
            viewBox="0 0 16 16"
            xmlns="http://www.w3.org/2000/svg"
          >
            <path
              class="fill-current"
              clip-rule="evenodd"
              d="M6.00003 7c0-1.65685 1.34314-3 3-3C10.6569 4 12 5.34315 12 7s-1.3431 3-2.99997 3c-1.65686 0-3-1.34315-3-3Zm3-5c-2.76142 0-5 2.23858-5 5 0 1.01907.30487 1.96694.82838 2.75737l-.53552.53553-2 2c-.39052.3905-.39052 1.0237 0 1.4142.39053.3905 1.02369.3905 1.41422 0l2-2 .53551-.5355c.79044.5235 1.73832.8284 2.75741.8284C11.7615 12 14 9.76142 14 7s-2.2385-5-4.99997-5Z"
              fill-rule="evenodd"
            />
          </svg>
          <div
            class="max-w-full flex-1 truncate text-left"
          >
            <div
              class="flex items-center"
            >
              Find Groups
            </div>
          </div>
        </a>
      </li>
      <li
        class="group relative flex w-full items-center justify-between rounded-lg text-lg font-semibold sm:text-base text-blue hover:bg-blue-soft hover:dark:bg-blue-900"
      >
        <a
          class="default-focus flex w-full flex-1 items-center space-x-3 rounded-lg p-2 font-semibold"
          href="/groups/new"
        >
          <svg
            class="m-1 h-4 w-4"
            fill="none"
            viewBox="0 0 16 16"
            xmlns="http://www.w3.org/2000/svg"
          >
            <path
              class="stroke-current"
              d="M3 8h10M8 3v10"
              stroke-linecap="round"
              stroke-width="2"
            />
          </svg>
          <div
            class="max-w-full flex-1 truncate text-left"
            title="Create Group"
          >
            Create Group
          </div>
        </a>
      </li>
      <a
        class="no-underline"
        href="https://github.com/tloncorp/homestead/issues/new?assignees=&labels=bug&template=bug_report.md&title=groups:"
        rel="noreferrer"
        target="_blank"
      >
        <li
          class="group relative flex w-full items-center justify-between rounded-lg text-lg font-semibold sm:text-base text-yellow-600 dark:text-yellow-500 hover:bg-yellow-soft hover:dark:bg-yellow-800"
        >
          <button
            class="default-focus flex w-full flex-1 items-center space-x-3 rounded-lg p-2 font-semibold"
          >
            <svg
              class="m-1 h-4 w-4"
              fill="none"
              viewBox="0 0 16 16"
              xmlns="http://www.w3.org/2000/svg"
            >
              <path
                class="stroke-current"
                d="m8 8 4-4M8 8 4 4m4 4-4 4m4-4 4 4M8 8h5M8 8V3m0 5H3m5 0v5"
                stroke-linecap="round"
                stroke-width="2"
              />
            </svg>
            <div
              class="max-w-full flex-1 truncate text-left"
              title="Submit Issue"
            >
              Submit Issue
            </div>
          </button>
        </li>
      </a>
      <li
        class="p-2"
      >
        <button
          aria-haspopup="menu"
          aria-label="Groups Sort Options"
          class="default-focus flex items-center rounded-lg bg-gray-50 py-2 px-4 text-base font-semibold"
          data-state="closed"
          id="radix-0"
          type="button"
        >
          <span
            class="mr-2 pl-1"
          >
            All Groups: A â†’ Z
          </span>
          <svg
            class="h-4 w-4 text-gray-400"
            fill="none"
            viewBox="0 0 16 16"
            xmlns="http://www.w3.org/2000/svg"
          >
            <path
              class="stroke-current"
              d="m4 6 4 4 4-4"
              stroke-linecap="round"
              stroke-linejoin="round"
              stroke-width="2"
            />
          </svg>
        </button>
      </li>
    </ul>
    <ul
      class="h-full space-y-3 p-2 sm:space-y-0 flex-1 overflow-x-hidden overflow-y-scroll pr-0 pt-0"
    />
  </nav>
</DocumentFragment>
`;
