// Vitest Snapshot v1

exports[`GangPreview > renders preview 1`] = `
<DocumentFragment>
  <div
    class="flex space-x-4 rounded border p-2"
  >
    <div
      class="rounded h-16 w-16"
      style="background: rgb(245, 245, 245);"
    />
    <div
      class="flex flex-col justify-around"
    >
      <h4
        class="text-lg font-bold"
      >
        Structure
      </h4>
      <p>
        Urbit Structural Design and Engineering Group. Always Thinking About Mechanics.
      </p>
    </div>
  </div>
</DocumentFragment>
`;
