// Vitest Snapshot v1

exports[`ChannelList > renders as expected 1`] = `
<DocumentFragment>
  <div>
    <button
      aria-haspopup="menu"
      aria-label="Channels Sort Options"
      class="default-focus mt-2 mb-3 rounded-lg p-2 text-gray-600 sm:m-0"
      data-state="closed"
      id="radix-0"
      type="button"
    >
      <div
        class="default-focus flex items-center space-x-2 rounded-lg bg-gray-50 p-2 text-base font-semibold"
      >
        <span
          class="pl-1"
        >
          Channels: Default
        </span>
        <svg
          class="w-4 text-gray-400"
          fill="none"
          viewBox="0 0 24 24"
          xmlns="http://www.w3.org/2000/svg"
        >
          <path
            class="stroke-current"
            d="m6 9 6 6 6-6"
            stroke-linecap="round"
            stroke-linejoin="round"
            stroke-width="2"
          />
        </svg>
      </div>
    </button>
    <ul
      class=""
    >
      <div />
    </ul>
  </div>
</DocumentFragment>
`;
