// Vitest Snapshot v1

exports[`GroupSidebar > renders as expected 1`] = `
<DocumentFragment>
  <nav
    class="h-full border-r-2 border-gray-50 bg-white w-64"
  >
    <div
      class="h-full overflow-y-auto p-2"
    >
      <ul>
        <li>
          <button
            class="default-focus flex w-full items-center space-x-3 rounded-lg p-2 text-base font-semibold text-gray-600 hover:bg-gray-50"
          >
            <svg
              class="h-6 w-6"
              fill="none"
              height="24"
              viewBox="0 0 24 24"
              width="24"
              xmlns="http://www.w3.org/2000/svg"
            >
              <path
                class="stroke-current"
                d="M13 16L9 12L13 8"
                stroke-linecap="round"
                stroke-linejoin="round"
                stroke-width="2"
              />
            </svg>
            <h3>
              All Groups
            </h3>
          </button>
        </li>
        <li>
          <a
            class="default-focus flex items-center space-x-3 rounded-lg p-2 text-base font-semibold hover:bg-gray-50 text-gray-600"
            href="/groups//activity"
          >
            <div>
              <svg
                class="h-6 w-6 rounded bg-gray-50 p-2"
                fill="none"
                viewBox="0 0 8 8"
                xmlns="http://www.w3.org/2000/svg"
              >
                <rect
                  class="fill-current"
                  height="8"
                  rx="4"
                  width="8"
                />
              </svg>
            </div>
            <h3>
              Activity
            </h3>
          </a>
        </li>
        <li>
          <a
            class="default-focus flex items-center space-x-3 rounded-lg p-2 text-base font-semibold hover:bg-gray-50 text-gray-600"
            href="/groups//search"
          >
            <svg
              class="h-6 w-6"
              fill="none"
              viewBox="0 0 24 24"
              xmlns="http://www.w3.org/2000/svg"
            >
              <path
                class="fill-current"
                clip-rule="evenodd"
                d="M10 11c0-1.65685 1.3432-3 3-3 1.6569 0 3 1.34315 3 3 0 1.6569-1.3431 3-3 3-1.6568 0-3-1.3431-3-3Zm3-5c-2.7614 0-4.99997 2.23858-4.99997 5 0 1.0191.30487 1.9669.82838 2.7574l-.53552.5355-2 2c-.39052.3905-.39052 1.0237 0 1.4142.39053.3905 1.02369.3905 1.41422 0l2-2 .53549-.5355C11.0331 15.6951 11.9809 16 13 16c2.7615 0 5-2.2386 5-5 0-2.76142-2.2385-5-5-5Z"
                fill-rule="evenodd"
              />
            </svg>
            <h3>
              Find in Group
            </h3>
          </a>
        </li>
        <li>
          <a
            class="default-focus flex items-center space-x-3 rounded-lg p-2 text-base font-semibold hover:bg-gray-50 text-gray-600"
            href="/groups//all"
          >
            <svg
              class="h-6 w-6"
              fill="none"
              height="24"
              viewBox="0 0 24 24"
              width="24"
              xmlns="http://www.w3.org/2000/svg"
            >
              <path
                class="fill-current"
                clip-rule="evenodd"
                d="M11.1644 5.01361C11.7092 5.1044 12.0772 5.61963 11.9864 6.1644L11.5138 9H13.4862L14.0136 5.8356C14.1044 5.29083 14.6196 4.92281 15.1644 5.01361C15.7092 5.1044 16.0772 5.61963 15.9864 6.1644L15.5138 9H17C17.5523 9 18 9.44771 18 10C18 10.5523 17.5523 11 17 11H15.1805L14.8471 13H17C17.5523 13 18 13.4477 18 14C18 14.5523 17.5523 15 17 15H14.5138L13.9864 18.1644C13.8956 18.7092 13.3804 19.0772 12.8356 18.9864C12.2908 18.8956 11.9228 18.3804 12.0136 17.8356L12.4862 15H10.5138L9.98639 18.1644C9.8956 18.7092 9.38037 19.0772 8.8356 18.9864C8.29083 18.8956 7.92281 18.3804 8.01361 17.8356L8.48621 15H7C6.44772 15 6 14.5523 6 14C6 13.4477 6.44772 13 7 13H8.81954L9.15287 11H7C6.44772 11 6 10.5523 6 10C6 9.44771 6.44772 9 7 9H9.48621L10.0136 5.8356C10.1044 5.29083 10.6196 4.92281 11.1644 5.01361ZM12.8195 13L13.1529 11H11.1805L10.8471 13H12.8195Z"
                fill-rule="evenodd"
              />
            </svg>
            <h3>
              All Channels
            </h3>
          </a>
        </li>
        <li>
          <button
            aria-haspopup="menu"
            aria-label="Channels Sort Options"
            class="default-focus rounded-lg p-0.5 text-gray-600"
            data-state="closed"
            id="radix-0"
            type="button"
          >
            <div
              class="default-focus flex items-center space-x-2 rounded-lg bg-gray-50 p-2 text-base font-semibold"
            >
              <span
                class="pl-1"
              >
                Channels: A â†’ Z
              </span>
              <svg
                class="w-4 text-gray-400"
                fill="none"
                viewBox="0 0 16 16"
                xmlns="http://www.w3.org/2000/svg"
              >
                <path
                  class="stroke-current"
                  d="m4 6 4 4 4-4"
                  stroke-linecap="round"
                  stroke-linejoin="round"
                  stroke-width="2"
                />
              </svg>
            </div>
          </button>
        </li>
      </ul>
    </div>
  </nav>
</DocumentFragment>
`;
